# t47（captain 接管执行）：用 t44 修复重编：宿主机构建 t39 修复
# 脚本=/opt/dsh-workspaces/tmp/t47b-captain-build.sh  TS=20260915-211444  T0=2026-09-15T21:14:44+08:00
# 前置：HEAD=bac78a2034c94c2f45d3448b0b9e06149cbd14f2  porcelain=52 行
# 门禁：gradle/java 进程数=0
# 门禁：近5分钟 app/src 写入文件数=0
# 门禁：近5分钟 third_party/libwebrtc/java 写入=0
# T0 双钉：jar=0c776934c1452b7bf43d57d8174a6c1d8504c43814b8320e8c624a29d63dc757
# T0 双钉：aar=8e8f2bafce23b4195884002b392c1cf78dabf8abb78196d0bf5a08e08fd4a099
# T0 双钉：so =757cef8128bf915109864ab92df29984dea17493dfe3417a73cd00fdc233259e
# T0 双钉：libcxx=c9dbf4ec15e931f565e32c5a159dec87b27caccde5c2dda14bbae466797d1e36

===== 1. build_app.sh --check-only =====
CHECK_ONLY_EXIT=0  log=/opt/dsh-workspaces/code/webrtc-demo/reports/10-t47b-captain-checkonly-20260915-211444.log

===== 2. :app:compileDebugKotlin（快速编译闸门） =====
COMPILE_EXIT=0  log=/opt/dsh-workspaces/code/webrtc-demo/reports/10-t47b-captain-compileDebugKotlin-20260915-211444.log
BUILD SUCCESSFUL in 2m 43s

===== 3. --no-daemon --no-build-cache clean assembleDebug =====
ASSEMBLE_EXIT=0  T1=2026-09-15T21:17:32+08:00  T2=2026-09-15T21:20:00+08:00  log=/opt/dsh-workspaces/code/webrtc-demo/reports/10-t47b-captain-assembleDebug-20260915-211444.log
BUILD SUCCESSFUL in 2m 27s
43 actionable tasks: 42 executed, 1 up-to-date
FROM-CACHE 行数=0  :app:clean 出现=1
APK sha256=0438d7ca8d43ac31c9e83b4f61e200c8e7da1bb1feb7279c4df457b043ca05dd
APK size=33403501  mtime=2026-09-15 21:19:59.691998132 +0800
T2 双钉：jar=0c776934c1452b7bf43d57d8174a6c1d8504c43814b8320e8c624a29d63dc757
T2 双钉：aar=8e8f2bafce23b4195884002b392c1cf78dabf8abb78196d0bf5a08e08fd4a099
T2 双钉：so =757cef8128bf915109864ab92df29984dea17493dfe3417a73cd00fdc233259e
T2 双钉：libcxx=c9dbf4ec15e931f565e32c5a159dec87b27caccde5c2dda14bbae466797d1e36
自有 native 库（构建产物，预期因 t46 变化）：d49eafc3e7cdeaa296579f039dfda75b0dc34b76885b173dc61e3c1a426212a5

===== 4. --no-daemon --no-build-cache --rerun-tasks :app:testDebugUnitTest =====
TEST_EXIT=0  log=/opt/dsh-workspaces/code/webrtc-demo/reports/10-t47b-captain-testDebugUnitTest-20260915-211444.log
BUILD SUCCESSFUL in 2m 11s
24 actionable tasks: 24 executed
XML 文件数=13
XML mtime 最新=2026-09-15 21:22:11.929041958 +0800
SUM tests=115
SUM skipped=0
SUM failures=0
SUM errors=0

===== 5. 属主归一 =====
chown 后 root:root 条目数 app/build=0 .gradle=0

# T3=2026-09-15T21:22:12+08:00  本次构建结束（CHECK=0 COMPILE=0 ASSEMBLE=0 TEST=0）
