# t33（captain 接管执行）阶段二：交付构建原始输出
# T0 = 2026-09-14T18:39:03+08:00 ; T1 = 2026-09-14T18:42:00+08:00
# 命令: ./gradlew --no-daemon --no-build-cache clean assembleDebug      EXIT=0
# 门禁: 无 gradle 进程; app/src 与 third_party/libwebrtc/java 近 5 分钟零写入; T0==T1 双钉
# T0/T1 双钉: jar 0c776934c1452b7bf43d57d8174a6c1d8504c43814b8320e8c624a29d63dc757
#             aar 8e8f2bafce23b4195884002b392c1cf78dabf8abb78196d0bf5a08e08fd4a099
# 本次产出: APK sha256 = 30c41ac9d3363cab249c9a1702958993fcfd965cf7ebbfeba5349435ab059be2
#           size = 33 309 445 B   mtime = 2026-09-14 18:41:59.794114
# 结果: BUILD SUCCESSFUL in 2m 56s ; 43 actionable tasks: 42 executed, 1 up-to-date ; :app:clean 出现 ; FROM-CACHE 行 = 0
# ---- 原始输出 ----
To honour the JVM settings for this build a single-use Daemon process will be forked. For more on this, please refer to https://docs.gradle.org/8.7/userguide/gradle_daemon.html#sec:disabling_the_daemon in the Gradle documentation.
Daemon will be stopped at the end of the build 

> Task :app:externalNativeBuildCleanDebug
Clean webrtcdemo_native-arm64-v8a

> Task :app:externalNativeBuildCleanRelease
> Task :app:clean
> Task :app:preBuild UP-TO-DATE
> Task :app:preDebugBuild UP-TO-DATE
> Task :app:mergeDebugNativeDebugMetadata NO-SOURCE
> Task :app:checkKotlinGradlePluginConfigurationErrors SKIPPED
> Task :app:generateDebugBuildConfig
> Task :app:generateDebugResValues
> Task :app:checkDebugAarMetadata
> Task :app:mapDebugSourceSetPaths
> Task :app:generateDebugResources
> Task :app:packageDebugResources
> Task :app:createDebugCompatibleScreenManifests
> Task :app:extractDeepLinksDebug
> Task :app:mergeDebugResources
> Task :app:parseDebugLocalResources
> Task :app:processDebugMainManifest
> Task :app:processDebugManifest
> Task :app:javaPreCompileDebug
> Task :app:mergeDebugShaders
> Task :app:compileDebugShaders NO-SOURCE
> Task :app:generateDebugAssets UP-TO-DATE
> Task :app:mergeDebugAssets
> Task :app:processDebugManifestForPackage
> Task :app:compressDebugAssets
> Task :app:mergeDebugStartupProfile UP-TO-DATE
> Task :app:checkDebugDuplicateClasses
> Task :app:processDebugResources
> Task :app:configureCMakeDebug[arm64-v8a]
> Task :app:mergeLibDexDebug
> Task :app:buildCMakeDebug[arm64-v8a]
> Task :app:mergeDebugJniLibFolders
> Task :app:validateSigningDebug
> Task :app:writeDebugAppMetadata
> Task :app:mergeDebugNativeLibs
> Task :app:writeDebugSigningConfigVersions
> Task :app:stripDebugDebugSymbols
> Task :app:desugarDebugFileDependencies
> Task :app:compileDebugKotlin
> Task :app:mergeExtDexDebug
> Task :app:compileDebugJavaWithJavac
> Task :app:dexBuilderDebug
> Task :app:mergeDebugGlobalSynthetics
> Task :app:processDebugJavaRes
> Task :app:mergeProjectDexDebug
> Task :app:mergeDebugJavaResource
> Task :app:packageDebug
> Task :app:createDebugApkListingFileRedirect
> Task :app:assembleDebug

BUILD SUCCESSFUL in 2m 56s
43 actionable tasks: 42 executed, 1 up-to-date
