# t42 发布：20260915-010254
# 新 APK: /opt/dsh-workspaces/code/webrtc-demo/app/build/outputs/apk/debug/app-debug.apk
#   sha256=78e2f30e05498c3289ea10dddaa8434c3d7dfae43545b57204fe18d468215017  size=33358597  mtime=2026-09-15 01:00:49.853537717 +0800
# 上一版(served): a7062ef7614181b5fae8a61b4bcd8fd07d5909e44e12d5be0f64ba8043ca9976
===== 1. 归档旧 parts 快照（保留，不删除） =====
归档到 /opt/apk-http/parts-archive/parts-a7062ef7-20260915-010254 （6 件）
===== 2. 冻结交付副本 + artifacts 归档 =====
served  = 78e2f30e05498c3289ea10dddaa8434c3d7dfae43545b57204fe18d468215017
archive = 78e2f30e05498c3289ea10dddaa8434c3d7dfae43545b57204fe18d468215017
===== 3. 重新生成 parts 分片（make_parts.sh） =====
[make_parts] 源 APK: /opt/dsh-workspaces/code/webrtc-demo/app/build/outputs/apk/debug/app-debug.apk  size=33358597  sha256=78e2f30e05498c3289ea10dddaa8434c3d7dfae43545b57204fe18d468215017
[make_parts] 清理旧分片并重新切分（PART_SIZE=8388608）
[make_parts] 合并校验…
[make_parts] 合并校验通过: 78e2f30e05498c3289ea10dddaa8434c3d7dfae43545b57204fe18d468215017
[make_parts] 分片清单:
  total 32588
  -rw-r--r-- 1 root root 8388608 Sep 15 01:02 app-debug.apk.part00
  -rw-r--r-- 1 root root 8388608 Sep 15 01:02 app-debug.apk.part01
  -rw-r--r-- 1 root root 8388608 Sep 15 01:02 app-debug.apk.part02
  -rw-r--r-- 1 root root 8192773 Sep 15 01:02 app-debug.apk.part03
  -rw-r--r-- 1 root root     348 Sep 15 01:02 SHA256SUMS
  -rw-r--r-- 1 root root      65 Sep 15 01:02 SOURCE.sha256
[make_parts] SHA256SUMS:
  bc3837d9c4a114a855a6910ade3330e2f9b42e6a24ec6d9e9998490eed59b122  app-debug.apk.part00
  2dfa902538e38b0ae6650f0b6e933aa6be91dd11a9f1e3414f3e04e337b27bcb  app-debug.apk.part01
  3f3fadfe2b96710226dc5981f082db71ad4990836e29c23fda36ee0a85fadf3c  app-debug.apk.part02
  71f40775143bc15c21b38e8ed601fc0441d49097f7c62b79458bf64d9db84009  app-debug.apk.part03
MAKE_PARTS_EXIT=0
SOURCE.sha256 = 78e2f30e05498c3289ea10dddaa8434c3d7dfae43545b57204fe18d468215017
SHA256SUMS 自校验: 4/4 OK
parts 拼接 sha256 = 78e2f30e05498c3289ea10dddaa8434c3d7dfae43545b57204fe18d468215017
CONCAT == NEW_APK : True
===== 4. 服务状态与公网/回环复验 =====
enabled=enabled active=active MainPID=664402
loopback HEAD code=200
loopback range code=206 bytes=1024
public  HEAD code=200
public  range code=206 bytes=1024
archive dir 404 期望 code=404
===== 5. 与旧锚点 APK 的逐条目差异（哪一类条目变了） =====
old entries=165  new entries=165
相同=155  不同=10  仅旧=0  仅新=0
仅旧: -
仅新: -
不同的条目:
  classes11.dex: 67608B eb7ae550eb33 -> 106760B 5f50df58adb1
  classes12.dex: 14304B d07ba06834fa -> 14304B ada5ddc93518
  classes14.dex: 558984B 006ba159a7ec -> 558976B f7a5c89aad7b
  classes2.dex: 40748B 3a94eb4fe0c7 -> 40868B 4f9c752c691a
  classes3.dex: 164988B 9b8e24559124 -> 164996B 0b7504c15fa7
  classes5.dex: 94468B 35fc006ff669 -> 126004B 119fff4cb501
  classes6.dex: 39368B 6919236a8bfc -> 39368B 9db1f629e7a4
  classes9.dex: 91916B 0408a67eac42 -> 91916B 1d49a8b67a81
  lib/arm64-v8a/libwebrtcdemo_native.so: 1231512B 95c44e5ab9ff -> 1246656B f2ade5b6adb5
  resources.arsc: 438772B ecbf1aa805f3 -> 440012B e5550e4254b2
===== 6. 新 APK 内四个 .so 的 ELF p_align（16 KB 页门禁） =====
readelf=/usr/bin/readelf
  lib_arm64-v8a_libandroidx.graphics.path.so  LOAD aligns = 0x4000
  lib_arm64-v8a_libc++_shared.so  LOAD aligns = 0x4000
  lib_arm64-v8a_libjingle_peerconnection_so.so  LOAD aligns = 0x4000
  lib_arm64-v8a_libwebrtcdemo_native.so  LOAD aligns = 0x4000
===== 7. jniLibs 源件与依赖锚点（应为逐位不变） =====
jar    = 0c776934c1452b7bf43d57d8174a6c1d8504c43814b8320e8c624a29d63dc757  期望 0c776934c1452b7bf43d57d8174a6c1d8504c43814b8320e8c624a29d63dc757
aar    = 8e8f2bafce23b4195884002b392c1cf78dabf8abb78196d0bf5a08e08fd4a099  期望 8e8f2bafce23b4195884002b392c1cf78dabf8abb78196d0bf5a08e08fd4a099
so     = 757cef8128bf915109864ab92df29984dea17493dfe3417a73cd00fdc233259e  期望 757cef8128bf915109864ab92df29984dea17493dfe3417a73cd00fdc233259e
libcxx = c9dbf4ec15e931f565e32c5a159dec87b27caccde5c2dda14bbae466797d1e36  期望 c9dbf4ec15e931f565e32c5a159dec87b27caccde5c2dda14bbae466797d1e36
===== 8. 属主归一 =====
reports 日志属主已归一；served/artifacts 属主 1000

# 发布结束 T=2026-09-15T01:02:57+08:00  新 APK sha256=78e2f30e05498c3289ea10dddaa8434c3d7dfae43545b57204fe18d468215017 size=33358597
