To honour the JVM settings for this build a single-use Daemon process will be forked. For more on this, please refer to https://docs.gradle.org/8.7/userguide/gradle_daemon.html#sec:disabling_the_daemon in the Gradle documentation.
Daemon will be stopped at the end of the build 

> Task :app:externalNativeBuildCleanDebug
Clean webrtcdemo_native-arm64-v8a

> Task :app:externalNativeBuildCleanRelease
> Task :app:clean
> Task :app:preBuild UP-TO-DATE
> Task :app:preDebugBuild UP-TO-DATE
> Task :app:mergeDebugNativeDebugMetadata NO-SOURCE
> Task :app:checkKotlinGradlePluginConfigurationErrors SKIPPED
> Task :app:generateDebugBuildConfig
> Task :app:generateDebugResValues
> Task :app:checkDebugAarMetadata
> Task :app:mapDebugSourceSetPaths
> Task :app:generateDebugResources
> Task :app:packageDebugResources
> Task :app:createDebugCompatibleScreenManifests
> Task :app:extractDeepLinksDebug
> Task :app:parseDebugLocalResources
> Task :app:mergeDebugResources
> Task :app:processDebugMainManifest
> Task :app:processDebugManifest
> Task :app:javaPreCompileDebug
> Task :app:mergeDebugShaders
> Task :app:compileDebugShaders NO-SOURCE
> Task :app:generateDebugAssets UP-TO-DATE
> Task :app:mergeDebugAssets
> Task :app:compressDebugAssets
> Task :app:processDebugManifestForPackage
> Task :app:checkDebugDuplicateClasses
> Task :app:mergeDebugStartupProfile UP-TO-DATE
> Task :app:mergeLibDexDebug
> Task :app:configureCMakeDebug[arm64-v8a]
> Task :app:processDebugResources
> Task :app:buildCMakeDebug[arm64-v8a]
> Task :app:mergeDebugJniLibFolders
> Task :app:validateSigningDebug
> Task :app:writeDebugAppMetadata
> Task :app:mergeDebugNativeLibs
> Task :app:writeDebugSigningConfigVersions
> Task :app:stripDebugDebugSymbols
> Task :app:desugarDebugFileDependencies
> Task :app:compileDebugKotlin
> Task :app:mergeExtDexDebug

> Task :app:compileDebugKotlin FAILED
e: file:///opt/dsh-workspaces/code/webrtc-demo/app/src/main/kotlin/com/example/webrtcdemo/webrtc/MediaCapture.kt:119:6 Syntax error: Expecting member declaration.
e: file:///opt/dsh-workspaces/code/webrtc-demo/app/src/main/kotlin/com/example/webrtcdemo/webrtc/MediaCapture.kt:120:6 Syntax error: Expecting member declaration.
e: file:///opt/dsh-workspaces/code/webrtc-demo/app/src/main/kotlin/com/example/webrtcdemo/webrtc/MediaCapture.kt:120:8 Syntax error: Expected annotation identifier after '@'.
e: file:///opt/dsh-workspaces/code/webrtc-demo/app/src/main/kotlin/com/example/webrtcdemo/webrtc/MediaCapture.kt:120:9 Syntax error: Expecting member declaration.
e: file:///opt/dsh-workspaces/code/webrtc-demo/app/src/main/kotlin/com/example/webrtcdemo/webrtc/MediaCapture.kt:120:16 Syntax error: Expecting member declaration.
e: file:///opt/dsh-workspaces/code/webrtc-demo/app/src/main/kotlin/com/example/webrtcdemo/webrtc/MediaCapture.kt:120:19 Syntax error: Expecting member declaration.
e: file:///opt/dsh-workspaces/code/webrtc-demo/app/src/main/kotlin/com/example/webrtcdemo/webrtc/MediaCapture.kt:120:20 Syntax error: Expecting member declaration.
e: file:///opt/dsh-workspaces/code/webrtc-demo/app/src/main/kotlin/com/example/webrtcdemo/webrtc/MediaCapture.kt:120:30 Syntax error: Expecting member declaration.
e: file:///opt/dsh-workspaces/code/webrtc-demo/app/src/main/kotlin/com/example/webrtcdemo/webrtc/MediaCapture.kt:120:34 Syntax error: Expecting member declaration.
e: file:///opt/dsh-workspaces/code/webrtc-demo/app/src/main/kotlin/com/example/webrtcdemo/webrtc/MediaCapture.kt:120:35 Syntax error: Expecting member declaration.
e: file:///opt/dsh-workspaces/code/webrtc-demo/app/src/main/kotlin/com/example/webrtcdemo/webrtc/MediaCapture.kt:120:39 Syntax error: Expecting member declaration.
e: file:///opt/dsh-workspaces/code/webrtc-demo/app/src/main/kotlin/com/example/webrtcdemo/webrtc/MediaCapture.kt:120:40 Syntax error: Expecting member declaration.
e: file:///opt/dsh-workspaces/code/webrtc-demo/app/src/main/kotlin/com/example/webrtcdemo/webrtc/MediaCapture.kt:121:6 Syntax error: Expecting member declaration.
e: file:///opt/dsh-workspaces/code/webrtc-demo/app/src/main/kotlin/com/example/webrtcdemo/webrtc/MediaCapture.kt:121:7 Syntax error: Expecting member declaration.

FAILURE: Build failed with an exception.

* What went wrong:
Execution failed for task ':app:compileDebugKotlin'.
> A failure occurred while executing org.jetbrains.kotlin.compilerRunner.GradleCompilerRunnerWithWorkers$GradleKotlinCompilerWorkAction
   > Compilation error. See log for more details

* Try:
> Run with --stacktrace option to get the stack trace.
> Run with --info or --debug option to get more log output.
> Run with --scan to get full insights.
> Get more help at https://help.gradle.org.

BUILD FAILED in 1m 46s
35 actionable tasks: 34 executed, 1 up-to-date
