# t42 发布：20260914-220045
# 新 APK: /opt/dsh-workspaces/code/webrtc-demo/app/build/outputs/apk/debug/app-debug.apk
#   sha256=36ba3ec6e4b69c47281ab258ea681420440db81d7e739ea2af77cc37f6c0d50c  size=33310685  mtime=2026-09-14 21:57:54.292423083 +0800
# 旧锚点: 30c41ac9d3363cab249c9a1702958993fcfd965cf7ebbfeba5349435ab059be2
===== 1. 归档旧 parts 快照（保留，不删除） =====
归档到 /opt/apk-http/parts-archive/parts-30c41ac9-20260914-220045 （6 件）
===== 2. 冻结交付副本 + artifacts 归档 =====
served  = 36ba3ec6e4b69c47281ab258ea681420440db81d7e739ea2af77cc37f6c0d50c
archive = 36ba3ec6e4b69c47281ab258ea681420440db81d7e739ea2af77cc37f6c0d50c
===== 3. 重新生成 parts 分片（make_parts.sh） =====
[make_parts] 源 APK: /opt/dsh-workspaces/code/webrtc-demo/app/build/outputs/apk/debug/app-debug.apk  size=33310685  sha256=36ba3ec6e4b69c47281ab258ea681420440db81d7e739ea2af77cc37f6c0d50c
[make_parts] 清理旧分片并重新切分（PART_SIZE=8388608）
[make_parts] 合并校验…
[make_parts] 合并校验通过: 36ba3ec6e4b69c47281ab258ea681420440db81d7e739ea2af77cc37f6c0d50c
[make_parts] 分片清单:
  total 32540
  -rw-r--r-- 1 root root 8388608 Sep 14 22:00 app-debug.apk.part00
  -rw-r--r-- 1 root root 8388608 Sep 14 22:00 app-debug.apk.part01
  -rw-r--r-- 1 root root 8388608 Sep 14 22:00 app-debug.apk.part02
  -rw-r--r-- 1 root root 8144861 Sep 14 22:00 app-debug.apk.part03
  -rw-r--r-- 1 root root     348 Sep 14 22:00 SHA256SUMS
  -rw-r--r-- 1 root root      65 Sep 14 22:00 SOURCE.sha256
[make_parts] SHA256SUMS:
  bc3837d9c4a114a855a6910ade3330e2f9b42e6a24ec6d9e9998490eed59b122  app-debug.apk.part00
  df6a456906d9c1b64e0e88182592c0c6a0bfe2728ca14b389d963feaba12614d  app-debug.apk.part01
  95f65c28296f9e6d57d78c15b06fe345020743b66c517701e3f8a3ca693e041b  app-debug.apk.part02
  9b49bf59a420292b5b8c142e0c909a3ba9945ab97fd9acba5a997a174ed5cf41  app-debug.apk.part03
MAKE_PARTS_EXIT=0
SOURCE.sha256 = 36ba3ec6e4b69c47281ab258ea681420440db81d7e739ea2af77cc37f6c0d50c
SHA256SUMS 自校验: 4/4 OK
parts 拼接 sha256 = 36ba3ec6e4b69c47281ab258ea681420440db81d7e739ea2af77cc37f6c0d50c
CONCAT == NEW_APK : True
===== 4. 服务状态与公网/回环复验 =====
enabled=enabled active=active MainPID=664402
loopback HEAD code=200
loopback range code=206 bytes=1024
public  HEAD code=200
public  range code=206 bytes=1024
archive dir 404 期望 code=404
===== 5. 与旧锚点 APK 的逐条目差异（哪一类条目变了） =====
old entries=165  new entries=165
相同=156  不同=9  仅旧=0  仅新=0
仅旧: -
仅新: -
不同的条目:
  classes11.dex: 67608B eb7ae550eb33 -> 67640B 2270074b71ee
  classes12.dex: 14304B d07ba06834fa -> 14304B 5da65229bfdb
  classes14.dex: 558984B 006ba159a7ec -> 558976B 79fbcfd8d826
  classes2.dex: 40748B 3a94eb4fe0c7 -> 40868B 4f9c752c691a
  classes3.dex: 164988B 9b8e24559124 -> 164996B 08c053402a98
  classes5.dex: 94468B 35fc006ff669 -> 99912B b76e40dc00ea
  classes6.dex: 39368B 6919236a8bfc -> 39368B 166f42979950
  classes9.dex: 91916B 0408a67eac42 -> 91916B 82b98c1b98e6
  resources.arsc: 438772B ecbf1aa805f3 -> 440012B e5550e4254b2
===== 6. 新 APK 内四个 .so 的 ELF p_align（16 KB 页门禁） =====
readelf=/usr/bin/readelf
  lib_arm64-v8a_libandroidx.graphics.path.so  LOAD aligns = 0x4000
  lib_arm64-v8a_libc++_shared.so  LOAD aligns = 0x4000
  lib_arm64-v8a_libjingle_peerconnection_so.so  LOAD aligns = 0x4000
  lib_arm64-v8a_libwebrtcdemo_native.so  LOAD aligns = 0x4000
===== 7. jniLibs 源件与依赖锚点（应为逐位不变） =====
jar    = 0c776934c1452b7bf43d57d8174a6c1d8504c43814b8320e8c624a29d63dc757  期望 0c776934c1452b7bf43d57d8174a6c1d8504c43814b8320e8c624a29d63dc757
aar    = 8e8f2bafce23b4195884002b392c1cf78dabf8abb78196d0bf5a08e08fd4a099  期望 8e8f2bafce23b4195884002b392c1cf78dabf8abb78196d0bf5a08e08fd4a099
so     = 757cef8128bf915109864ab92df29984dea17493dfe3417a73cd00fdc233259e  期望 757cef8128bf915109864ab92df29984dea17493dfe3417a73cd00fdc233259e
libcxx = c9dbf4ec15e931f565e32c5a159dec87b27caccde5c2dda14bbae466797d1e36  期望 c9dbf4ec15e931f565e32c5a159dec87b27caccde5c2dda14bbae466797d1e36
===== 8. 属主归一 =====
reports 日志属主已归一；served/artifacts 属主 1000

# 发布结束 T=2026-09-14T22:00:49+08:00  新 APK sha256=36ba3ec6e4b69c47281ab258ea681420440db81d7e739ea2af77cc37f6c0d50c size=33310685
