# t47（captain 接管执行）：用 t44 修复重编：宿主机构建 t39 修复
# 脚本=/opt/dsh-workspaces/tmp/t47-captain-build.sh  TS=20260914-225952  T0=2026-09-14T22:59:52+08:00
# 前置：HEAD=60ddc4c6b6a6505797ca9f9c6514a91369325b1b  porcelain=1 行
# 门禁：gradle/java 进程数=0
# 门禁：近5分钟 app/src 写入文件数=1
# 门禁：近5分钟 third_party/libwebrtc/java 写入=0
# T0 双钉：jar=0c776934c1452b7bf43d57d8174a6c1d8504c43814b8320e8c624a29d63dc757
# T0 双钉：aar=8e8f2bafce23b4195884002b392c1cf78dabf8abb78196d0bf5a08e08fd4a099
# T0 双钉：so =757cef8128bf915109864ab92df29984dea17493dfe3417a73cd00fdc233259e
# T0 双钉：libcxx=c9dbf4ec15e931f565e32c5a159dec87b27caccde5c2dda14bbae466797d1e36

===== 1. build_app.sh --check-only =====
CHECK_ONLY_EXIT=0  log=/opt/dsh-workspaces/code/webrtc-demo/reports/10-t47-captain-checkonly-20260914-225952.log

===== 2. :app:compileDebugKotlin（快速编译闸门） =====
COMPILE_EXIT=0  log=/opt/dsh-workspaces/code/webrtc-demo/reports/10-t47-captain-compileDebugKotlin-20260914-225952.log
BUILD SUCCESSFUL in 1m 31s

===== 3. --no-daemon --no-build-cache clean assembleDebug =====
ASSEMBLE_EXIT=1  T1=2026-09-14T23:01:28+08:00  T2=2026-09-14T23:03:16+08:00  log=/opt/dsh-workspaces/code/webrtc-demo/reports/10-t47-captain-assembleDebug-20260914-225952.log
BUILD FAILED in 1m 46s
35 actionable tasks: 34 executed, 1 up-to-date
FROM-CACHE 行数=0  :app:clean 出现=1
ABORT at assembleDebug
