# t47（captain 接管执行）：用 t44 修复重编：宿主机构建 t39 修复
# 脚本=/opt/dsh-workspaces/tmp/t47b-captain-build.sh  TS=20260914-232647  T0=2026-09-14T23:26:47+08:00
# 前置：HEAD=0c65de066eb8ca2c283544381c91134c15d66cba  porcelain=1 行
# 门禁：gradle/java 进程数=0
# 门禁：近5分钟 app/src 写入文件数=6
# 门禁：近5分钟 third_party/libwebrtc/java 写入=0
# T0 双钉：jar=0c776934c1452b7bf43d57d8174a6c1d8504c43814b8320e8c624a29d63dc757
# T0 双钉：aar=8e8f2bafce23b4195884002b392c1cf78dabf8abb78196d0bf5a08e08fd4a099
# T0 双钉：so =757cef8128bf915109864ab92df29984dea17493dfe3417a73cd00fdc233259e
# T0 双钉：libcxx=c9dbf4ec15e931f565e32c5a159dec87b27caccde5c2dda14bbae466797d1e36

===== 1. build_app.sh --check-only =====
CHECK_ONLY_EXIT=0  log=/opt/dsh-workspaces/code/webrtc-demo/reports/10-t47b-captain-checkonly-20260914-232647.log

===== 2. :app:compileDebugKotlin（快速编译闸门） =====
COMPILE_EXIT=0  log=/opt/dsh-workspaces/code/webrtc-demo/reports/10-t47b-captain-compileDebugKotlin-20260914-232647.log
BUILD SUCCESSFUL in 1m 37s

===== 3. --no-daemon --no-build-cache clean assembleDebug =====
ASSEMBLE_EXIT=0  T1=2026-09-14T23:28:28+08:00  T2=2026-09-14T23:30:36+08:00  log=/opt/dsh-workspaces/code/webrtc-demo/reports/10-t47b-captain-assembleDebug-20260914-232647.log
BUILD SUCCESSFUL in 2m 7s
43 actionable tasks: 42 executed, 1 up-to-date
FROM-CACHE 行数=0  :app:clean 出现=1
APK sha256=11cfab83ee0e6aa566e575b438b5428c380e7c8601054bed21e089b5d96597a9
APK size=33340757  mtime=2026-09-14 23:30:36.002943087 +0800
T2 双钉：jar=0c776934c1452b7bf43d57d8174a6c1d8504c43814b8320e8c624a29d63dc757
T2 双钉：aar=8e8f2bafce23b4195884002b392c1cf78dabf8abb78196d0bf5a08e08fd4a099
T2 双钉：so =757cef8128bf915109864ab92df29984dea17493dfe3417a73cd00fdc233259e
T2 双钉：libcxx=c9dbf4ec15e931f565e32c5a159dec87b27caccde5c2dda14bbae466797d1e36
自有 native 库（构建产物，预期因 t46 变化）：865a117e800ec320bc1fed62c5bc9b1e3f796f6f9f236901488ade9a4820d5db

===== 4. --no-daemon --no-build-cache --rerun-tasks :app:testDebugUnitTest =====
TEST_EXIT=1  log=/opt/dsh-workspaces/code/webrtc-demo/reports/10-t47b-captain-testDebugUnitTest-20260914-232647.log
BUILD FAILED in 2m 6s
24 actionable tasks: 24 executed
XML 文件数=8
XML mtime 最新=2026-09-14 23:32:43.652478895 +0800
SUM tests=67
SUM skipped=0
SUM failures=4
SUM errors=0

===== 5. 属主归一 =====
chown 后 root:root 条目数 app/build=0 .gradle=0

# T3=2026-09-14T23:32:44+08:00  本次构建结束（CHECK=0 COMPILE=0 ASSEMBLE=0 TEST=1）
