==============================================================
# t81 构建：t80 修复后重编交付 APK（第四次构建发布；消除 ICE 未连通误报横幅）
# T0=2026-09-16T11:52:39+08:00  脚本=/opt/dsh-workspaces/tmp/t81-build.sh  TS=20260916-115239
# HEAD=67edd1348aea32cd58270a00569e75f1bb471b3b  dirty=6 行
# T1 界（t80 报告实测 app/src 最后写入，排除 jniLibs 固定件）= 2026-09-16+11:45:45.8712602290 app/src/test/kotlin/com/example/webrtcdemo/webrtc/IceWatchdogPolicyTest.kt
# 前置静默（check-only 之前）：java/gradle 进程=0  近5min app/src(非jniLibs)=0  signaling=0
# 前置静默断言：PASS
# T0 关键源码: CallSession=234413f0519dd28f CallSurvivability=43bac8eb40479534 CallViewModel=97c08862a5929b47 IceWatchdogPolicyTest=b5d3da08c69ef5ab
===== 1. build_app.sh --check-only =====
CHECK_ONLY_EXIT=0   raw=/opt/dsh-workspaces/tmp/t81/checkonly-20260916-115239.log
  tail: ===== == --check-only：不执行构建 == ===== 前置校验全部通过（未构建） 
===== 1b. 静默断言（check-only 之后；jniLibs 固定件同哈希重拷豁免）=====
  java/gradle 进程=0
  豁免（内容不变重拷）: app/src/main/jniLibs/arm64-v8a/libjingle_peerconnection_so.so  757cef8128bf9151
  非豁免写入件数=0   豁免件数=1
  静默断言：PASS

===== 2. :app:compileDebugKotlin =====
COMPILE_EXIT=0   raw=/opt/dsh-workspaces/tmp/t81/compile-20260916-115239.log
  BUILD SUCCESSFUL in 1m 44s
  15 actionable tasks: 1 executed, 14 up-to-date

===== 3. --no-daemon --no-build-cache clean assembleDebug =====
ASSEMBLE_EXIT=0  T1=2026-09-16T11:54:28+08:00  T2=2026-09-16T11:57:04+08:00  raw=/opt/dsh-workspaces/tmp/t81/assemble-20260916-115239.log
  BUILD SUCCESSFUL in 2m 36s
  43 actionable tasks: 42 executed, 1 up-to-date
  FROM-CACHE 行数=0   :app:clean 出现=1
  构建窗口内 app/src 写入(>T1)=0  signaling 写入(>T1)=0
  APK sha256=93773a8a9d0cbe22e3dc280934d01bb492b51187dab042e33c8691dfad309091
  APK size=33436269  mtime=2026-09-16 11:57:04.160233111 +0800
  T2 双钉 jar=0c776934c1452b7bf43d57d8174a6c1d8504c43814b8320e8c624a29d63dc757
  T2 双钉 aar=8e8f2bafce23b4195884002b392c1cf78dabf8abb78196d0bf5a08e08fd4a099
  T2 双钉 so =757cef8128bf915109864ab92df29984dea17493dfe3417a73cd00fdc233259e
  T2 双钉 lcxx=c9dbf4ec15e931f565e32c5a159dec87b27caccde5c2dda14bbae466797d1e36
  自有库(APK 内 libwebrtcdemo_native.so)=d49eafc3e7cdeaa296579f039dfda75b0dc34b76885b173dc61e3c1a426212a5
  四 .so p_align（APK 内）:
    libandroidx.graphics.path.so               41e9a793c43a0f4f p_align=['0x4000']
    libc++_shared.so                           c9dbf4ec15e931f5 p_align=['0x4000']
    libjingle_peerconnection_so.so             757cef8128bf9151 p_align=['0x4000']
    libwebrtcdemo_native.so                    d49eafc3e7cdeaa2 p_align=['0x4000']

===== 4. --no-daemon --no-build-cache --rerun-tasks :app:testDebugUnitTest =====
TEST_EXIT=0   raw=/opt/dsh-workspaces/tmp/t81/test-20260916-115239.log
  BUILD SUCCESSFUL in 2m 19s
  24 actionable tasks: 24 executed
===== 4b. 单测计数闸门（类数>=19 且 用例数>=186）=====
  XML 汇总: 类数=19  tests=186 failures=0 errors=0 skipped=0  (XML 最新 mtime=2026-09-16 11:59:25)
    AppConfigUrlTest                                     tests=8   fail=0 err=0 skip=0
    LogLevelFilterTest                                   tests=6   fail=0 err=0 skip=0
    NativeInterfaceContractTest                          tests=4   fail=0 err=0 skip=0
    PongLivenessTest                                     tests=8   fail=0 err=0 skip=0
    ReconnectBudgetTest                                  tests=5   fail=0 err=0 skip=0
    SignalingErrorPolicyTest                             tests=21  fail=0 err=0 skip=0
    SignalingIdentityTest                                tests=11  fail=0 err=0 skip=0
    CallSessionSlotTest                                  tests=8   fail=0 err=0 skip=0
    CallSurvivabilityTest                                tests=19  fail=0 err=0 skip=0
    ConnectionStatusTrackerTest                          tests=29  fail=0 err=0 skip=0
    MediaAliveSuppressionTest                            tests=10  fail=0 err=0 skip=0
    PendingRemoteMessagesTest                            tests=7   fail=0 err=0 skip=0
    IceCandidateInfoTest                                 tests=8   fail=0 err=0 skip=0
    IceWatchdogPolicyTest                                tests=6   fail=0 err=0 skip=0
    JniBindingClasspathTest                              tests=6   fail=0 err=0 skip=0
    LoopbackCandidatesTest                               tests=5   fail=0 err=0 skip=0
    RendererRecoveryPolicyTest                           tests=7   fail=0 err=0 skip=0
    SessionLifecycleTest                                 tests=10  fail=0 err=0 skip=0
    TurnTcpFallbackTest                                  tests=8   fail=0 err=0 skip=0
  GATE: 类数 19>=19 ? True ; 用例 186>=186 ? True ; failures=0 errors=0 ⇒ PASS
  GATE_EXIT=0

===== 4c. 包体旁证：dex 内 t80/t75/t68 诊断串 =====
  ice_watchdog_stale_tier        出现次数=1
  ice_error_cleared              出现次数=1
  ice_watchdog_rearmed           出现次数=2
  skipped=no_watchdog            出现次数=1
  ice_timeout                    出现次数=2
  signaling_lost                 出现次数=2
  restart_ice                    出现次数=2
  rejoin_offer_received          出现次数=1

===== 5. 属主归一 =====
  app/build root 条目=0  .gradle=0  app/.cxx=0
# T3=2026-09-16T11:59:26+08:00 结束（CHECK=0 COMPILE=0 ASSEMBLE=0 TEST=0 GATE=0）
== apk-http 发布（uid=1000）==
  源 APK : /opt/dsh-workspaces/code/webrtc-demo/app/build/outputs/apk/debug/app-debug.apk
  新件   : 93773a8a9d0cbe22e3dc280934d01bb492b51187dab042e33c8691dfad309091  (33436269 B)
  现行   : ff93c2e4c4037c0ba1746a445edef5344e2f8817ef951b67ad2adb9052ce8871
  模式   : 正式
  权限预检：served/parts/artifacts/parts-archive 均可写 ✔

① 切分片到 staging 并校验（/opt/apk-http/parts/.new，PART_SIZE=8388608）
  拼接 sha 校验通过 = 93773a8a9d0cbe22e3dc280934d01bb492b51187dab042e33c8691dfad309091（4 片：8388608 8388608 8388608 8270445 ）
  SHA256SUMS 自校验通过

② 归档旧 served / 旧 parts
  旧 served → /opt/apk-http/artifacts/app-debug-ff93c2e4.apk（ff93c2e4c4037c0b）
  旧 parts → /opt/apk-http/parts-archive/parts-ff93c2e4-20260916-115932（6 件）

③ 安装新 parts（逐文件 mv 原子替换 + 清理多余旧分片）
  parts 就位并校验通过（4 片；模式已归一 0644）

④ 安装新 served（.new + mv 原子替换）
  served 已替换 = 93773a8a9d0cbe22

⑤ 【提交点·最后一步】写 parts/SOURCE.sha256 = 93773a8a9d0cbe22e3dc280934d01bb492b51187dab042e33c8691dfad309091
  已提交（此步之前任何中断都视为未发布）

⑥ 四方对账
  构建输出 = 93773a8a9d0cbe22e3dc280934d01bb492b51187dab042e33c8691dfad309091
  served   = 93773a8a9d0cbe22e3dc280934d01bb492b51187dab042e33c8691dfad309091
  归档     = 93773a8a9d0cbe22e3dc280934d01bb492b51187dab042e33c8691dfad309091  (/opt/dsh-workspaces/artifacts/app-debug-93773a8a.apk)
  parts    = 93773a8a9d0cbe22e3dc280934d01bb492b51187dab042e33c8691dfad309091
  SOURCE   = 93773a8a9d0cbe22e3dc280934d01bb492b51187dab042e33c8691dfad309091
  四方一致 ✔

⑦ 服务与下载复验（服务为 root 只读，未重启）
  enabled=enabled active=active MainPID=664402
  回环 HEAD : code=200 len=0（len 为 body 长度，HEAD 恒 0）
  回环 HDR  : Content-Length: 33436269 Accept-Ranges: bytes 
  回环 Range: code=206 bytes=1024
  公网 HEAD : HTTP/1.1 200 OK Content-Length: 33436269 Accept-Ranges: bytes Last-Modified: Wed, 16 Sep 2026 03:59:33 GMT 
  公网 Range: code=206 bytes=1024
  公网全量下载 sha = 93773a8a9d0cbe22e3dc280934d01bb492b51187dab042e33c8691dfad309091
  公网全量校验 ✔

⑧ 回滚命令（如需回到 ff93c2e4）
  cp -f /opt/apk-http/artifacts/app-debug-ff93c2e4.apk /opt/apk-http/served/app-debug.apk
  rm -f /opt/apk-http/parts/app-debug.apk.part* /opt/apk-http/parts/SHA256SUMS
  cp -f /opt/apk-http/parts-archive/parts-ff93c2e4-20260916-115932/app-debug.apk.part* /opt/apk-http/parts-archive/parts-ff93c2e4-20260916-115932/SHA256SUMS /opt/apk-http/parts/
  printf '%s\n' ff93c2e4c4037c0ba1746a445edef5344e2f8817ef951b67ad2adb9052ce8871 > /opt/apk-http/parts/SOURCE.sha256   # 提交标记最后写
  (cd /opt/apk-http/parts && sha256sum -c SHA256SUMS)
  注：演练模式下新=旧（ff93c2e4），上述回滚即恢复同一内容。

== 发布完成 2026-09-16T12:01:04+08:00 ==
