### t56 验收脚本输出（2026-09-15T04:28:33Z）

### 1) 交付件 = t56 新件 2607d1cf（期望 PASS）
对象  : /opt/dsh-workspaces/code/webrtc-demo/third_party/libvpx/lib/libvpx.a
配置  : /opt/dsh-workspaces/code/webrtc-demo/third_party/libvpx/include/vpx_config.h
工具  : /opt/dsh-workspaces/android-sdk/ndk/26.1.10909125/toolchains/llvm/prebuilt/linux-x86_64/bin/llvm-ar
----------------------------------------
PASS  CONFIG_RUNTIME_CPU_DETECT=1                  = 1
PASS  HAVE_SVE=0                                   = 1
PASS  HAVE_SVE2=0                                  = 1
PASS  SVE 成员数                                = 0
PASS  符号中 sve 行数                         = 0
PASS  非分派器直连 *_sve 引用数           = 0
PASS  SVE z 寄存器指令数                     = 0
--- 分派器/探测函数在位（应非空）---
      0000000000000000 T arm_cpu_caps
      0000000000000000 T vpx_dsp_rtcd
      0000000000000000 T vp9_rtcd
--- 构建期 rtcd 直连绑定（/opt/dsh-workspaces/webrtc-build/t56-libvpx-src）---
PASS  vpx_dsp_rtcd.h 直连 _sve 绑定数         = 0
PASS  vpx_dsp_rtcd.h 直连 _neon_i8mm 绑定数   = 0
PASS  vpx_dsp_rtcd.h 直连 _neon_dotprod 绑定数 = 0
PASS  vp9_rtcd.h 直连 _sve 绑定数             = 0
----------------------------------------
RESULT: PASS
EXIT=0

### 2) 对照：旧件 e280b11b（期望 FAIL）
对象  : /opt/dsh-workspaces/tmp/t56/libvpx.a.pre-t56-e280b11b
配置  : /opt/dsh-workspaces/webrtc-build/t56-evidence/old-vpx_config.h
工具  : /opt/dsh-workspaces/android-sdk/ndk/26.1.10909125/toolchains/llvm/prebuilt/linux-x86_64/bin/llvm-ar
----------------------------------------
FAIL  CONFIG_RUNTIME_CPU_DETECT=1                  = 0 (期望 1)
FAIL  HAVE_SVE=0                                   = 0 (期望 1)
FAIL  HAVE_SVE2=0                                  = 0 (期望 1)
FAIL  SVE 成员数                                = 2 (期望 0)
FAIL  符号中 sve 行数                         = 10 (期望 0)
FAIL  非分派器直连 *_sve 引用数           = 5 (期望 0)
FAIL  SVE z 寄存器指令数                     = 16 (期望 0)
--- 分派器/探测函数在位（应非空）---
      0000000000000000 T arm_cpu_caps
      0000000000000000 T vpx_dsp_rtcd
      0000000000000000 T vp9_rtcd
--- 构建期 rtcd 直连绑定（/opt/dsh-workspaces/webrtc-build/libvpx-src）---
FAIL  vpx_dsp_rtcd.h 直连 _sve 绑定数         = 1 (期望 0)
FAIL  vpx_dsp_rtcd.h 直连 _neon_i8mm 绑定数   = 6 (期望 0)
FAIL  vpx_dsp_rtcd.h 直连 _neon_dotprod 绑定数 = 72 (期望 0)
FAIL  vp9_rtcd.h 直连 _sve 绑定数             = 2 (期望 0)
----------------------------------------
RESULT: FAIL
EXIT=1

### 3) 对照：并发落位件 a983dba3（期望 FAIL：SVE 成员仍在=2）
对象  : /opt/dsh-workspaces/tmp/t56/libvpx.a.pre-t56-a983dba3
配置  : /opt/dsh-workspaces/webrtc-build/t56-evidence/old-vpx_config.h
工具  : /opt/dsh-workspaces/android-sdk/ndk/26.1.10909125/toolchains/llvm/prebuilt/linux-x86_64/bin/llvm-ar
----------------------------------------
FAIL  CONFIG_RUNTIME_CPU_DETECT=1                  = 0 (期望 1)
FAIL  HAVE_SVE=0                                   = 0 (期望 1)
FAIL  HAVE_SVE2=0                                  = 0 (期望 1)
FAIL  SVE 成员数                                = 2 (期望 0)
FAIL  符号中 sve 行数                         = 8 (期望 0)
FAIL  非分派器直连 *_sve 引用数           = 3 (期望 0)
FAIL  SVE z 寄存器指令数                     = 16 (期望 0)
--- 分派器/探测函数在位（应非空）---
      0000000000000000 T arm_cpu_caps
      0000000000000000 T vpx_dsp_rtcd
      0000000000000000 T vp9_rtcd
--- 构建期 rtcd 直连绑定（/opt/dsh-workspaces/webrtc-build/libvpx-src）---
FAIL  vpx_dsp_rtcd.h 直连 _sve 绑定数         = 1 (期望 0)
FAIL  vpx_dsp_rtcd.h 直连 _neon_i8mm 绑定数   = 6 (期望 0)
FAIL  vpx_dsp_rtcd.h 直连 _neon_dotprod 绑定数 = 72 (期望 0)
FAIL  vp9_rtcd.h 直连 _sve 绑定数             = 2 (期望 0)
----------------------------------------
RESULT: FAIL
EXIT=1
