[2026-09-15T04:23:53Z] t56 start; NDK=/opt/dsh-workspaces/android-sdk/ndk/26.1.10909125
/dev/vda3        69G   42G   25G  63% /
[2026-09-15T04:23:53Z] archived old vpx_config.h
[2026-09-15T04:23:53Z] archived old vp9_rtcd.h
[2026-09-15T04:23:53Z] archived old libvpx.a -> /opt/dsh-workspaces/tmp/t56/libvpx.a.pre-t56-e280b11b
a983dba3828d9673ec9cd8736b2e2125cc14c472d3d23a1f00189278720a2a6d  /opt/dsh-workspaces/tmp/t56/libvpx.a.pre-t56-e280b11b
[2026-09-15T04:23:53Z] CC=/opt/dsh-workspaces/android-sdk/ndk/26.1.10909125/toolchains/llvm/prebuilt/linux-x86_64/bin/aarch64-linux-android21-clang
[2026-09-15T04:23:53Z] == configure (NEW: --enable-runtime-cpu-detect --disable-sve --disable-sve2) ==
  enabling vp9
  disabling vp8_encoder
  disabling vp8_decoder
  disabling shared
  disabling examples
  disabling tools
  disabling docs
  disabling unit_tests
  enabling runtime_cpu_detect
  enabling pic
Configuring for target 'arm64-android-gcc'
  enabling arm64
Assuming standalone build with NDK toolchain.
See build/make/Android.mk for details.
  enabling neon
  enabling neon_dotprod
  enabling neon_i8mm
  enabling pthread_setname_np
  enabling webm_io
  enabling libyuv
Creating makefiles for arm64-android-gcc libs
[2026-09-15T04:23:59Z] CONFIGURE_RC=0
[2026-09-15T04:23:59Z] == new config evidence ==
22:#define HAVE_NEON_DOTPROD 1
23:#define HAVE_NEON_I8MM 1
24:#define HAVE_SVE 0
25:#define HAVE_SVE2 0
66:#define CONFIG_RUNTIME_CPU_DETECT 1
[2026-09-15T04:23:59Z] -- vp9_rtcd.h block_error --
grep: vp9_rtcd.h: No such file or directory
[2026-09-15T04:23:59Z] -- rtcd sve bindings count --
grep: vp9_rtcd.h: No such file or directory
[2026-09-15T04:23:59Z] == make -j4 ==
    [CREATE] vpx_scale_rtcd.h
    [CREATE] vpx_dsp_rtcd.h
    [CREATE] vp9_rtcd.h
    [DEP] vp9/ratectrl_rtc.cc.d
    [DEP] vp9/encoder/arm/neon/vp9_quantize_neon.c.d
    [DEP] vp9/encoder/arm/neon/vp9_frame_scale_neon.c.d
    [DEP] vp9/encoder/arm/neon/vp9_error_neon.c.d
    [DEP] vp9/encoder/arm/neon/vp9_dct_neon.c.d
    [DEP] vp9/encoder/arm/neon/vp9_diamond_search_sad_neon.c.d
    [DEP] vp9/encoder/arm/neon/vp9_temporal_filter_neon_i8mm.c.d
    [DEP] vp9/encoder/arm/neon/vp9_temporal_filter_neon_dotprod.c.d
    [DEP] vp9/encoder/arm/neon/vp9_temporal_filter_neon.c.d
    [DEP] vp9/encoder/vp9_mbgraph.c.d
    [DEP] vp9/encoder/vp9_tpl_model.c.d
    [DEP] vp9/encoder/vp9_temporal_filter.c.d
    [DEP] vp9/encoder/vp9_ext_ratectrl.c.d
    [DEP] vp9/encoder/vp9_noise_estimate.c.d
    [DEP] vp9/encoder/vp9_skin_detection.c.d
    [DEP] vp9/encoder/vp9_alt_ref_aq.c.d
    [DEP] vp9/encoder/vp9_aq_complexity.c.d
    [DEP] vp9/encoder/vp9_aq_cyclicrefresh.c.d
    [DEP] vp9/encoder/vp9_aq_360.c.d
    [DEP] vp9/encoder/vp9_aq_variance.c.d
    [DEP] vp9/encoder/vp9_treewriter.c.d
    [DEP] vp9/encoder/vp9_tokenize.c.d
    [DEP] vp9/encoder/vp9_resize.c.d
    [DEP] vp9/encoder/vp9_svc_layercontext.c.d
    [DEP] vp9/encoder/vp9_subexp.c.d
    [DEP] vp9/encoder/vp9_speed_features.c.d
    [DEP] vp9/encoder/vp9_segmentation.c.d
    [DEP] vp9/encoder/vp9_pickmode.c.d
    [DEP] vp9/encoder/vp9_rdopt.c.d
    [DEP] vp9/encoder/vp9_rd.c.d
    [DEP] vp9/encoder/vp9_ratectrl.c.d
    [DEP] vp9/encoder/vp9_quantize.c.d
    [DEP] vp9/encoder/vp9_picklpf.c.d
    [DEP] vp9/encoder/vp9_encoder.c.d
    [DEP] vp9/encoder/vp9_mcomp.c.d
    [DEP] vp9/encoder/vp9_multi_thread.c.d
    [DEP] vp9/encoder/vp9_lookahead.c.d
    [DEP] vp9/encoder/vp9_frame_scale.c.d
    [DEP] vp9/encoder/vp9_firstpass.c.d
    [DEP] vp9/encoder/vp9_extend.c.d
    [DEP] vp9/encoder/vp9_ethread.c.d
    [DEP] vp9/encoder/vp9_encodemv.c.d
    [DEP] vp9/encoder/vp9_encodemb.c.d
    [DEP] vp9/encoder/vp9_encodeframe.c.d
    [DEP] vp9/encoder/vp9_dct.c.d
    [DEP] vp9/encoder/vp9_cost.c.d
    [DEP] vp9/encoder/vp9_context_tree.c.d
    [DEP] vp9/encoder/vp9_bitstream.c.d
    [DEP] vp9/vp9_cx_iface.c.d
    [DEP] vp9/common/arm/neon/vp9_iht16x16_add_neon.c.d
    [DEP] vp9/common/arm/neon/vp9_iht8x8_add_neon.c.d
    [DEP] vp9/common/arm/neon/vp9_iht4x4_add_neon.c.d
    [DEP] vp9/common/vp9_scan.c.d
    [DEP] vp9/common/vp9_common_data.c.d
    [DEP] vp9/common/vp9_reconintra.c.d
    [DEP] vp9/common/vp9_reconinter.c.d
    [DEP] vp9/common/vp9_quant_common.c.d
    [DEP] vp9/common/vp9_mvref_common.c.d
    [DEP] vp9/common/vp9_thread_common.c.d
    [DEP] vp9/common/vp9_loopfilter.c.d
    [DEP] vp9/common/vp9_tile_common.c.d
    [DEP] vp9/common/vp9_seg_common.c.d
    [DEP] vp9/common/vp9_scale.c.d
    [DEP] vp9/common/vp9_rtcd.c.d
    [DEP] vp9/common/vp9_pred_common.c.d
    [DEP] vp9/common/vp9_filter.c.d
    [DEP] vp9/common/vp9_idct.c.d
    [DEP] vp9/common/vp9_frame_buffers.c.d
    [DEP] vp9/common/vp9_entropymv.c.d
    [DEP] vp9/common/vp9_entropymode.c.d
    [DEP] vp9/common/vp9_entropy.c.d
    [DEP] vp9/common/vp9_alloccommon.c.d
    [DEP] vp9/common/vp9_blockd.c.d
    [DEP] vp9/vp9_iface_common.c.d
    [DEP] vpx_config.c.d
    [DEP] vp9/decoder/vp9_job_queue.c.d
    [DEP] vp9/decoder/vp9_dsubexp.c.d
    [DEP] vp9/decoder/vp9_decoder.c.d
    [DEP] vp9/decoder/vp9_detokenize.c.d
    [DEP] vp9/decoder/vp9_decodeframe.c.d
    [DEP] vp9/decoder/vp9_decodemv.c.d
    [DEP] vpx_util/vpx_write_yuv_frame.c.d
    [DEP] vp9/vp9_dx_iface.c.d
    [DEP] vpx_util/vpx_thread.c.d
    [DEP] vpx_dsp/vpx_dsp_rtcd.c.d
    [DEP] vpx_dsp/arm/variance_neon_dotprod.c.d
    [DEP] vpx_dsp/arm/variance_neon.c.d
    [DEP] vpx_dsp/arm/subpel_variance_neon_dotprod.c.d
    [DEP] vpx_dsp/arm/subpel_variance_neon.c.d
    [DEP] vpx_dsp/arm/sad_neon_dotprod.c.d
    [DEP] vpx_dsp/arm/sad_neon.c.d
    [DEP] vpx_dsp/arm/avg_pred_neon.c.d
    [DEP] vpx_dsp/variance.c.d
    [DEP] vpx_dsp/sad.c.d
    [DEP] vpx_dsp/arm/subtract_neon.c.d
    [DEP] vpx_dsp/arm/sad4d_neon_dotprod.c.d
    [DEP] vpx_dsp/arm/sad4d_neon.c.d
    [DEP] vpx_dsp/arm/sum_squares_neon.c.d
    [DEP] vpx_dsp/sum_squares.c.d
    [DEP] vpx_dsp/subtract.c.d
    [DEP] vpx_dsp/skin_detection.c.d
    [DEP] vpx_dsp/arm/hadamard_neon.c.d
    [DEP] vpx_dsp/arm/avg_neon.c.d
    [DEP] vpx_dsp/avg.c.d
    [DEP] vpx_dsp/arm/quantize_neon.c.d
    [DEP] vpx_dsp/quantize.c.d
    [DEP] vpx_dsp/arm/idct32x32_add_neon.c.d
    [DEP] vpx_dsp/arm/idct32x32_135_add_neon.c.d
    [DEP] vpx_dsp/arm/idct32x32_34_add_neon.c.d
    [DEP] vpx_dsp/arm/idct32x32_1_add_neon.c.d
    [DEP] vpx_dsp/arm/idct16x16_add_neon.c.d
    [DEP] vpx_dsp/arm/idct16x16_1_add_neon.c.d
    [DEP] vpx_dsp/arm/idct8x8_add_neon.c.d
    [DEP] vpx_dsp/arm/idct8x8_1_add_neon.c.d
    [DEP] vpx_dsp/arm/idct4x4_add_neon.c.d
    [DEP] vpx_dsp/arm/idct4x4_1_add_neon.c.d
    [DEP] vpx_dsp/inv_txfm.c.d
    [DEP] vpx_dsp/arm/fdct_partial_neon.c.d
    [DEP] vpx_dsp/arm/fdct32x32_neon.c.d
    [DEP] vpx_dsp/arm/fdct16x16_neon.c.d
    [DEP] vpx_dsp/arm/fdct8x8_neon.c.d
    [DEP] vpx_dsp/arm/fdct4x4_neon.c.d
    [DEP] vpx_dsp/fwd_txfm.c.d
    [DEP] vpx_dsp/arm/loopfilter_neon.c.d
    [DEP] vpx_dsp/loopfilter.c.d
    [DEP] vpx_dsp/arm/vpx_convolve8_neon_i8mm.c.d
    [DEP] vpx_dsp/arm/vpx_convolve8_neon_dotprod.c.d
    [DEP] vpx_dsp/arm/vpx_convolve_neon.c.d
    [DEP] vpx_dsp/arm/vpx_convolve_avg_neon.c.d
    [DEP] vpx_dsp/arm/vpx_convolve8_neon.c.d
    [DEP] vpx_dsp/arm/vpx_convolve_copy_neon.c.d
    [DEP] vpx_dsp/arm/vpx_scaled_convolve8_neon.c.d
    [DEP] vpx_dsp/vpx_convolve.c.d
    [DEP] vpx_dsp/arm/intrapred_neon.c.d
    [DEP] vpx_dsp/intrapred.c.d
    [DEP] vpx_dsp/bitreader_buffer.c.d
    [DEP] vpx_dsp/bitreader.c.d
    [DEP] vpx_dsp/arm/sse_neon_dotprod.c.d
    [DEP] vpx_dsp/arm/sse_neon.c.d
    [DEP] vpx_dsp/sse.c.d
    [DEP] vpx_dsp/psnr.c.d
    [DEP] vpx_dsp/bitwriter_buffer.c.d
    [DEP] vpx_dsp/bitwriter.c.d
    [DEP] vpx_dsp/prob.c.d
    [DEP] vpx_ports/aarch64_cpudetect.c.d
    [DEP] vpx_scale/vpx_scale_rtcd.c.d
    [DEP] vpx_scale/generic/gen_scalers.c.d
    [DEP] vpx_scale/generic/yv12extend.c.d
    [DEP] vpx_scale/generic/yv12config.c.d
    [DEP] vpx_scale/generic/vpx_scale.c.d
    [DEP] vpx_mem/vpx_mem.c.d
    [DEP] vpx/src/vpx_image.c.d
    [DEP] vpx/src/vpx_codec.c.d
    [DEP] vpx/src/vpx_encoder.c.d
    [DEP] vpx/src/vpx_decoder.c.d
    [CC] vpx/src/vpx_decoder.c.o
    [CC] vpx/src/vpx_encoder.c.o
    [CC] vpx/src/vpx_image.c.o
    [CC] vpx/src/vpx_codec.c.o
    [CC] vpx_mem/vpx_mem.c.o
    [CC] vpx_scale/generic/vpx_scale.c.o
    [CC] vpx_scale/generic/yv12config.c.o
    [CC] vpx_scale/generic/yv12extend.c.o
    [CC] vpx_scale/generic/gen_scalers.c.o
    [CC] vpx_scale/vpx_scale_rtcd.c.o
    [CC] vpx_ports/aarch64_cpudetect.c.o
    [CC] vpx_dsp/prob.c.o
    [CC] vpx_dsp/bitwriter.c.o
    [CC] vpx_dsp/bitwriter_buffer.c.o
    [CC] vpx_dsp/psnr.c.o
    [CC] vpx_dsp/sse.c.o
    [CC] vpx_dsp/arm/sse_neon.c.o
    [CC] vpx_dsp/arm/sse_neon_dotprod.c.o
    [CC] vpx_dsp/bitreader.c.o
    [CC] vpx_dsp/bitreader_buffer.c.o
    [CC] vpx_dsp/intrapred.c.o
    [CC] vpx_dsp/arm/intrapred_neon.c.o
    [CC] vpx_dsp/vpx_convolve.c.o
    [CC] vpx_dsp/arm/vpx_scaled_convolve8_neon.c.o
    [CC] vpx_dsp/arm/vpx_convolve_copy_neon.c.o
    [CC] vpx_dsp/arm/vpx_convolve8_neon.c.o
    [CC] vpx_dsp/arm/vpx_convolve_avg_neon.c.o
    [CC] vpx_dsp/arm/vpx_convolve_neon.c.o
    [CC] vpx_dsp/arm/vpx_convolve8_neon_dotprod.c.o
    [CC] vpx_dsp/arm/vpx_convolve8_neon_i8mm.c.o
    [CC] vpx_dsp/loopfilter.c.o
    [CC] vpx_dsp/arm/loopfilter_neon.c.o
    [CC] vpx_dsp/fwd_txfm.c.o
    [CC] vpx_dsp/arm/fdct4x4_neon.c.o
    [CC] vpx_dsp/arm/fdct8x8_neon.c.o
    [CC] vpx_dsp/arm/fdct16x16_neon.c.o
    [CC] vpx_dsp/arm/fdct32x32_neon.c.o
    [CC] vpx_dsp/arm/fdct_partial_neon.c.o
    [CC] vpx_dsp/inv_txfm.c.o
    [CC] vpx_dsp/arm/idct4x4_1_add_neon.c.o
    [CC] vpx_dsp/arm/idct4x4_add_neon.c.o
    [CC] vpx_dsp/arm/idct8x8_1_add_neon.c.o
    [CC] vpx_dsp/arm/idct8x8_add_neon.c.o
    [CC] vpx_dsp/arm/idct16x16_1_add_neon.c.o
    [CC] vpx_dsp/arm/idct16x16_add_neon.c.o
    [CC] vpx_dsp/arm/idct32x32_1_add_neon.c.o
    [CC] vpx_dsp/arm/idct32x32_34_add_neon.c.o
    [CC] vpx_dsp/arm/idct32x32_135_add_neon.c.o
    [CC] vpx_dsp/arm/idct32x32_add_neon.c.o
    [CC] vpx_dsp/quantize.c.o
    [CC] vpx_dsp/arm/quantize_neon.c.o
    [CC] vpx_dsp/avg.c.o
    [CC] vpx_dsp/arm/avg_neon.c.o
    [CC] vpx_dsp/arm/hadamard_neon.c.o
    [CC] vpx_dsp/skin_detection.c.o
    [CC] vpx_dsp/subtract.c.o
    [CC] vpx_dsp/sum_squares.c.o
    [CC] vpx_dsp/arm/sum_squares_neon.c.o
    [CC] vpx_dsp/arm/sad4d_neon.c.o
    [CC] vpx_dsp/arm/sad4d_neon_dotprod.c.o
    [CC] vpx_dsp/arm/subtract_neon.c.o
    [CC] vpx_dsp/sad.c.o
    [CC] vpx_dsp/variance.c.o
    [CC] vpx_dsp/arm/avg_pred_neon.c.o
    [CC] vpx_dsp/arm/sad_neon.c.o
    [CC] vpx_dsp/arm/sad_neon_dotprod.c.o
    [CC] vpx_dsp/arm/subpel_variance_neon.c.o
    [CC] vpx_dsp/arm/subpel_variance_neon_dotprod.c.o
    [CC] vpx_dsp/arm/variance_neon.c.o
    [CC] vpx_dsp/arm/variance_neon_dotprod.c.o
    [CC] vpx_dsp/vpx_dsp_rtcd.c.o
    [CC] vpx_util/vpx_thread.c.o
    [CC] vpx_util/vpx_write_yuv_frame.c.o
    [CC] vp9/vp9_iface_common.c.o
    [CC] vp9/common/vp9_alloccommon.c.o
    [CC] vp9/common/vp9_blockd.c.o
    [CC] vp9/common/vp9_entropy.c.o
    [CC] vp9/common/vp9_entropymode.c.o
    [CC] vp9/common/vp9_entropymv.c.o
    [CC] vp9/common/vp9_frame_buffers.c.o
    [CC] vp9/common/vp9_idct.c.o
    [CC] vp9/common/vp9_filter.c.o
    [CC] vp9/common/vp9_pred_common.c.o
    [CC] vp9/common/vp9_rtcd.c.o
    [CC] vp9/common/vp9_scale.c.o
    [CC] vp9/common/vp9_seg_common.c.o
    [CC] vp9/common/vp9_tile_common.c.o
    [CC] vp9/common/vp9_loopfilter.c.o
    [CC] vp9/common/vp9_thread_common.c.o
    [CC] vp9/common/vp9_mvref_common.c.o
    [CC] vp9/common/vp9_quant_common.c.o
    [CC] vp9/common/vp9_reconinter.c.o
    [CC] vp9/common/vp9_reconintra.c.o
    [CC] vp9/common/vp9_common_data.c.o
    [CC] vp9/common/vp9_scan.c.o
    [CC] vp9/common/arm/neon/vp9_iht4x4_add_neon.c.o
    [CC] vp9/common/arm/neon/vp9_iht8x8_add_neon.c.o
    [CC] vp9/common/arm/neon/vp9_iht16x16_add_neon.c.o
    [CC] vp9/vp9_cx_iface.c.o
    [CC] vp9/encoder/vp9_bitstream.c.o
    [CC] vp9/encoder/vp9_context_tree.c.o
    [CC] vp9/encoder/vp9_cost.c.o
    [CC] vp9/encoder/vp9_dct.c.o
    [CC] vp9/encoder/vp9_encodeframe.c.o
    [CC] vp9/encoder/vp9_encodemb.c.o
    [CC] vp9/encoder/vp9_encodemv.c.o
    [CC] vp9/encoder/vp9_ethread.c.o
    [CC] vp9/encoder/vp9_extend.c.o
    [CC] vp9/encoder/vp9_firstpass.c.o
    [CC] vp9/encoder/vp9_frame_scale.c.o
    [CC] vp9/encoder/vp9_lookahead.c.o
    [CC] vp9/encoder/vp9_multi_thread.c.o
    [CC] vp9/encoder/vp9_mcomp.c.o
    [CC] vp9/encoder/vp9_encoder.c.o
    [CC] vp9/encoder/vp9_picklpf.c.o
    [CC] vp9/encoder/vp9_quantize.c.o
    [CC] vp9/encoder/vp9_ratectrl.c.o
    [CC] vp9/encoder/vp9_rd.c.o
    [CC] vp9/encoder/vp9_rdopt.c.o
    [CC] vp9/encoder/vp9_pickmode.c.o
    [CC] vp9/encoder/vp9_segmentation.c.o
    [CC] vp9/encoder/vp9_speed_features.c.o
    [CC] vp9/encoder/vp9_subexp.c.o
    [CC] vp9/encoder/vp9_svc_layercontext.c.o
    [CC] vp9/encoder/vp9_resize.c.o
    [CC] vp9/encoder/vp9_tokenize.c.o
    [CC] vp9/encoder/vp9_treewriter.c.o
    [CC] vp9/encoder/vp9_aq_variance.c.o
    [CC] vp9/encoder/vp9_aq_360.c.o
    [CC] vp9/encoder/vp9_aq_cyclicrefresh.c.o
    [CC] vp9/encoder/vp9_aq_complexity.c.o
    [CC] vp9/encoder/vp9_alt_ref_aq.c.o
    [CC] vp9/encoder/vp9_skin_detection.c.o
    [CC] vp9/encoder/vp9_noise_estimate.c.o
    [CC] vp9/encoder/vp9_ext_ratectrl.c.o
    [CC] vp9/encoder/vp9_temporal_filter.c.o
    [CC] vp9/encoder/vp9_tpl_model.c.o
    [CC] vp9/encoder/vp9_mbgraph.c.o
    [CC] vp9/encoder/arm/neon/vp9_temporal_filter_neon.c.o
    [CC] vp9/encoder/arm/neon/vp9_temporal_filter_neon_dotprod.c.o
    [CC] vp9/encoder/arm/neon/vp9_temporal_filter_neon_i8mm.c.o
    [CC] vp9/encoder/arm/neon/vp9_diamond_search_sad_neon.c.o
    [CC] vp9/encoder/arm/neon/vp9_dct_neon.c.o
    [CC] vp9/encoder/arm/neon/vp9_error_neon.c.o
    [CC] vp9/encoder/arm/neon/vp9_frame_scale_neon.c.o
    [CC] vp9/encoder/arm/neon/vp9_quantize_neon.c.o
    [CC] vp9/vp9_dx_iface.c.o
    [CC] vp9/decoder/vp9_decodemv.c.o
    [CC] vp9/decoder/vp9_decodeframe.c.o
    [CC] vp9/decoder/vp9_detokenize.c.o
    [CC] vp9/decoder/vp9_decoder.c.o
    [CC] vp9/decoder/vp9_dsubexp.c.o
    [CC] vp9/decoder/vp9_job_queue.c.o
    [CC] vpx_config.c.o
    [CREATE] vpx.pc
    [CXX] vp9/ratectrl_rtc.cc.o
    [AR] libvpxrc_g.a
    [STRIP] libvpxrc.a < libvpxrc_g.a
    [AR] libvpx_g.a
    [STRIP] libvpx.a < libvpx_g.a
[2026-09-15T04:24:57Z] MAKE_RC=0
[2026-09-15T04:24:57Z] == make install ==
    [INSTALL] /opt/dsh-workspaces/webrtc-build/t56-libvpx-output/include/vpx/vp8.h
    [INSTALL] /opt/dsh-workspaces/webrtc-build/t56-libvpx-output/include/vpx/vp8cx.h
    [INSTALL] /opt/dsh-workspaces/webrtc-build/t56-libvpx-output/include/vpx/vpx_ext_ratectrl.h
    [INSTALL] /opt/dsh-workspaces/webrtc-build/t56-libvpx-output/include/vpx/vp8dx.h
    [INSTALL] /opt/dsh-workspaces/webrtc-build/t56-libvpx-output/include/vpx/vpx_codec.h
    [INSTALL] /opt/dsh-workspaces/webrtc-build/t56-libvpx-output/include/vpx/vpx_frame_buffer.h
    [INSTALL] /opt/dsh-workspaces/webrtc-build/t56-libvpx-output/include/vpx/vpx_image.h
    [INSTALL] /opt/dsh-workspaces/webrtc-build/t56-libvpx-output/include/vpx/vpx_integer.h
    [INSTALL] /opt/dsh-workspaces/webrtc-build/t56-libvpx-output/include/vpx/vpx_decoder.h
    [INSTALL] /opt/dsh-workspaces/webrtc-build/t56-libvpx-output/include/vpx/vpx_encoder.h
    [INSTALL] /opt/dsh-workspaces/webrtc-build/t56-libvpx-output/include/vpx/vpx_tpl.h
    [INSTALL] /opt/dsh-workspaces/webrtc-build/t56-libvpx-output/lib/libvpx.a
    [INSTALL] /opt/dsh-workspaces/webrtc-build/t56-libvpx-output/lib/pkgconfig/vpx.pc
[2026-09-15T04:24:57Z] INSTALL_RC=0
-rw-r--r-- 1 root root 1956632 Sep 15 12:24 /opt/dsh-workspaces/webrtc-build/t56-libvpx-output/lib/libvpx.a
[2026-09-15T04:24:57Z] t56 end
